  depack2.asm
  'nasmw' is not recognized as an internal or external command,
  operable program or batch file.
  depacker.asm
  'nasmw' is not recognized as an internal or external command,
  operable program or batch file.
  _viruz2a.asm
  'nasmw' is not recognized as an internal or external command,
  operable program or batch file.
  base_data.asm
  'nasmw' is not recognized as an internal or external command,
  operable program or batch file.
C:\Program Files\Microsoft Visual Studio\2022\Community\MSBuild\Microsoft\VC\v170\Microsoft.CppCommon.targets(254,5): error MSB8066: Custom build for '..\depack2.asm;..\depacker.asm;..\_viruz2a.asm;base_data.asm' exited with code 9009.

Project Performance Summary:
        0 ms  F:\src\fr_public\werkkzeug3_kkrieger\pngloader\pngloader.vcxproj   2 calls
                  0 ms  GetTargetPath                              1 calls
                  0 ms  GetNativeManifest                          1 calls
       41 ms  F:\src\fr_public\werkkzeug3_kkrieger\base\base.vcxproj   1 calls
                 41 ms  Build                                      1 calls

Target Performance Summary:
        0 ms  _CheckForInvalidConfigurationAndPlatform   1 calls
        0 ms  SetBuildDefaultEnvironmentVariables        1 calls
        0 ms  _CheckWindowsSDKInstalled                  1 calls
        0 ms  SetCABuildNativeEnvironmentVariables       1 calls
        0 ms  PrepareForBuild                            1 calls
        0 ms  ResolveSDKReferences                       1 calls
        0 ms  ExpandSDKReferences                        1 calls
        0 ms  ResolveAssemblyReferences                  1 calls
        0 ms  AfterResolveReferences                     1 calls
        0 ms  ResolveReferences                          1 calls
        0 ms  InitializeBuildStatus                      1 calls
        0 ms  BuildGenerateSourcesTraverse               1 calls
        0 ms  BeforeBuildGenerateSources                 1 calls
        0 ms  PreBuildEvent                              1 calls
        0 ms  _SelectedFiles                             1 calls
        0 ms  SelectCustomBuild                          1 calls
        0 ms  AddExternalIncludDirectoriesToPaths        1 calls
        0 ms  ComputeCustomBuildOutput                   1 calls
        0 ms  GetReferenceAssemblyPaths                  1 calls
        0 ms  GetNativeManifest                          1 calls
        0 ms  SetTelemetryEnvironmentVariables           1 calls
        0 ms  _PrepareForBuild                           1 calls
        0 ms  _PrepareForReferenceResolution             2 calls
        0 ms  BeforeResolveReferences                    1 calls
        0 ms  IgnoreJavaScriptOutputAssembly             1 calls
        0 ms  AssignProjectConfiguration                 1 calls
        0 ms  _SplitProjectReferencesByFileExistence     1 calls
        0 ms  _AddOutputPathToGlobalPropertiesToRemove   1 calls
        0 ms  _GetProjectReferenceTargetFrameworkProperties   1 calls
        0 ms  PrepareProjectReferences                   1 calls
        0 ms  _RemoveNameMetadataFromProjectReferenceItems   1 calls
        0 ms  GetResolvedWinMD                           2 calls
        0 ms  GetTargetPathWithTargetPlatformMoniker     1 calls
        0 ms  GetTargetPath                              1 calls
        0 ms  GetFrameworkPaths                          1 calls
       10 ms  ResolveProjectReferences                   1 calls
       31 ms  CustomBuild                                1 calls

Task Performance Summary:
        0 ms  Message                                    2 calls
        0 ms  SetEnv                                    11 calls
        0 ms  AssignProjectConfiguration                 1 calls
        0 ms  ResolveNonMSBuildProjectOutput             1 calls
        0 ms  SetRidAgnosticValueForProjects             1 calls
        0 ms  MakeDir                                    3 calls
        0 ms  CheckVCToolsetVersion                      1 calls
        0 ms  VCMessage                                  1 calls
        0 ms  ReadLinesFromFile                          1 calls
        0 ms  WriteLinesToFile                           1 calls
        0 ms  Touch                                      1 calls
        0 ms  CreateItem                                 1 calls
        0 ms  GetOutOfDateItems                          2 calls
       10 ms  MSBuild                                    2 calls
       31 ms  CustomBuild                                1 calls
